[10/01/26 16:34:18] info     ================= cer started =================
[10/01/26 16:34:18] info     C:\Program Files\Autodesk\AutoCAD 2027\cer.dll, 7.2.4+20251128.8f05bb68.927
[10/01/26 16:34:18] info     Setting key SP/SDK_VERSION, value 7.2.4+20251128.8f05bb68.927 (maxCount 1)
[10/01/26 16:34:18] info     Setting key SP/PRODUCT_NAME_HASH, value 9d6767a77b9d2cce90e03082e1302957689eeac5 (maxCount 1)
[10/01/26 16:34:18] info     Setting key SP/RUNTIME_ARCH, value 1 (maxCount 1)
[10/01/26 16:34:18] info     Set senddmp exe path to C:\Program Files\Autodesk\AutoCAD 2027\CER\senddmp.exe
[10/01/26 16:34:18] info     The cer_service exe C:\Program Files\Autodesk\AutoCAD 2027\CER\service\cer_service.exe is not in folder C:\Program Files\Autodesk\AutoCAD 2027\CER\, it's not a sandbox
[10/01/26 16:34:18] info     Set upi exe path to C:\Program Files\Autodesk\AutoCAD 2027\CER\upi.exe
[10/01/26 16:34:18] info     launching C:\Program Files\Autodesk\AutoCAD 2027\CER\upi.exe --cmd=get-device-id C:\Users\rashx\AppData\Local\Temp\upi_deviceid2
[10/01/26 16:34:18] info     Set deviceID2 to 6E5127340C43281E5CBFDF77E2A481F4A9253870539758CF7DDA691399377D87&432779AF22AF129EE546576C1D139FC50BB6CCDD1E02B1776CC2A5FE5F404D48&B9D74B6B0B3884FC76058789ED5EAB6F9825BDC78A754D5A72A2063AA706CB08
[10/01/26 16:34:18] info     Setting key SP/DEVICEID2, value 6E5127340C43281E5CBFDF77E2A481F4A9253870539758CF7DDA691399377D87&432779AF22AF129EE546576C1D139FC50BB6CCDD1E02B1776CC2A5FE5F404D48&B9D74B6B0B3884FC76058789ED5EAB6F9825BDC78A754D5A72A2063AA706CB08 (maxCount 1)
[10/01/26 16:34:18] info     Setting key SP/UUID, value 9d6767a77b9d2cce90e03082e1302957689eeac56E5127340C43281E5CBFDF77E2A481F4A9253870539758CF7DDA691399377D87&432779AF22AF129EE546576C1D139FC50BB6CCDD1E02B1776CC2A5FE5F404D48&B9D74B6B0B3884FC76058789ED5EAB6F9825BDC78A754D5A72A2063AA706CB08 (maxCount 1)
[10/01/26 16:34:18] info     Set senddmp exe path to C:\Program Files\Autodesk\AutoCAD 2027\CER\senddmp.exe
[10/01/26 16:34:18] info     The cer_service exe C:\Program Files\Autodesk\AutoCAD 2027\CER\service\cer_service.exe is not in folder C:\Program Files\Autodesk\AutoCAD 2027\CER\, it's not a sandbox
[10/01/26 16:34:18] info     launching C:\Program Files\Autodesk\AutoCAD 2027\CER\upi.exe "C:\Program Files\Autodesk\AutoCAD 2027\en-US\UPI\upiconfig.xml" C:\Users\rashx\AppData\Local\Temp\upi_info.xml
[10/01/26 16:34:18] info     Setting key SP/UPI_PRODUCT, value ACD (maxCount 1)
[10/01/26 16:34:18] info     Setting key SP/UPI_RELEASE, value 2027 (maxCount 1)
[10/01/26 16:34:18] info     Setting key SP/UPI_MASTER, value {28B89EEF-A101-0409-2102-CF3F3A09B77D} (maxCount 1)
[10/01/26 16:34:18] info     Setting key SP/UPI_BUILD, value 26.0.60.0.0 (maxCount 1)
[10/01/26 16:34:18] info     Setting key SP/UPI_FULL_XML, value <?xml version="1.0"?><upipackage><upivalue version="1.0" type="product" requestingapp="true"><level name="productline" id="ACD"><level name="release" id="2027"><level name="master" id="{28B89EEF-A101-0409-2102-CF3F3A09B77D}"><level name="build" id="26.0.60.0.0"/></level></level></level></upivalue>
<upivalue version="1.0" type="product"><level name="productline" id="ARCHDESK"><level name="release" id="2027"><level name="master" id="{28B89EEE-A104-0000-5102-CF3F3A09B77D}"><level name="build" id="8.9.46.0"/></level></level></level></upivalue>
<upivalue version="1.0" type="product"><level name="productline" id="ACD"><level name="release" id="2027"><level name="master" id="{28B89EEF-A101-0409-1102-CF3F3A09B77D}"><level name="build" id="26.0.60.0.0"/></level></level></level></upivalue>
<upivalue version="1.0" type="product"><level name="productline" id="ACD"><level name="release" id="2027"><level name="master" id="{28B89EEF-A101-0000-0102-CF3F3A09B77D}"><level name="build" id="26.0.60.0.0"/></level></level></level></upivalue>
</upipackage> (maxCount 1)
[10/01/26 16:34:18] info     set legacy options: /APPICON "C:\Program Files\Autodesk\AutoCAD 2027\AcBrandRes.dll" /APPICONID 1
[10/01/26 16:34:18] info     Setting key RP/AppIcon, value C:\Program Files\Autodesk\AutoCAD 2027\AcBrandRes.dll (maxCount 1)
[10/01/26 16:34:18] info     Setting key RP/AppIconId, value 1 (maxCount 1)
[10/01/26 16:34:18] info     Setting key RP/CadSettingsRegPath, value Software\Autodesk\AutoCAD\R26.0\ACAD-A101:409\CadManagerControl\CustomerErrorReport (maxCount 1)
[10/01/26 16:34:18] info     Setting key RP/AppLocaleId, value 1033 (maxCount 1)
[10/01/26 16:34:18] info     Setting key RP/AppXML, value <ProductInformation name ="AutoCAD" build_version="X.60.0.0(x64)" registry_version="26.0" install_id_string="ACAD-A101:409" registry_localeID="1033" git_commit_id="90c984aa66a571142ee0757584bac517eec2175a" /> (maxCount 100)
[10/01/26 16:34:18] info     Setting key SP/THEME_TYPE, value Blue (maxCount 1)
[10/01/26 16:34:18] info     Setting key SP/EXCEPTION_INFO_POINTER, value 140728637687064 (maxCount 1)
[10/01/26 16:34:18] info     Setting key SP/THREAD_ID, value 4294967295 (maxCount 1)
[10/01/26 16:34:18] info     Get key SP/THREAD_ID, index 0: "4294967295"
[10/01/26 16:34:18] info     Setting key SP/WER, value 0 (maxCount 1)
[10/01/26 16:34:18] info     Get key SP/WER, index 0: "0"
[10/01/26 16:34:18] info     Registered C:\Program Files\Autodesk\AutoCAD 2027\cer.dll as WER runtime exception module
[10/01/26 16:34:18] info     Current ErrorMode is 32771
[10/01/26 16:34:18] debug    Receiver ping: pong
[10/01/26 16:45:42] info     ================= cer started =================
[10/01/26 16:45:42] info     C:\Program Files\Autodesk\AutoCAD 2027\cer.dll, 7.2.4+20251128.8f05bb68.927
[10/01/26 16:45:42] info     Setting key SP/SDK_VERSION, value 7.2.4+20251128.8f05bb68.927 (maxCount 1)
[10/01/26 16:45:42] info     Setting key SP/PRODUCT_NAME_HASH, value 9d6767a77b9d2cce90e03082e1302957689eeac5 (maxCount 1)
[10/01/26 16:45:42] info     Setting key SP/RUNTIME_ARCH, value 1 (maxCount 1)
[10/01/26 16:45:42] info     Set senddmp exe path to C:\Program Files\Autodesk\AutoCAD 2027\CER\senddmp.exe
[10/01/26 16:45:42] info     The cer_service exe C:\Program Files\Autodesk\AutoCAD 2027\CER\service\cer_service.exe is not in folder C:\Program Files\Autodesk\AutoCAD 2027\CER\, it's not a sandbox
[10/01/26 16:45:42] info     Set upi exe path to C:\Program Files\Autodesk\AutoCAD 2027\CER\upi.exe
[10/01/26 16:45:42] info     launching C:\Program Files\Autodesk\AutoCAD 2027\CER\upi.exe --cmd=get-device-id C:\Users\rashx\AppData\Local\Temp\upi_deviceid2
[10/01/26 16:45:42] info     Set deviceID2 to 6E5127340C43281E5CBFDF77E2A481F4A9253870539758CF7DDA691399377D87&432779AF22AF129EE546576C1D139FC50BB6CCDD1E02B1776CC2A5FE5F404D48&B9D74B6B0B3884FC76058789ED5EAB6F9825BDC78A754D5A72A2063AA706CB08
[10/01/26 16:45:42] info     Setting key SP/DEVICEID2, value 6E5127340C43281E5CBFDF77E2A481F4A9253870539758CF7DDA691399377D87&432779AF22AF129EE546576C1D139FC50BB6CCDD1E02B1776CC2A5FE5F404D48&B9D74B6B0B3884FC76058789ED5EAB6F9825BDC78A754D5A72A2063AA706CB08 (maxCount 1)
[10/01/26 16:45:42] info     Setting key SP/UUID, value 9d6767a77b9d2cce90e03082e1302957689eeac56E5127340C43281E5CBFDF77E2A481F4A9253870539758CF7DDA691399377D87&432779AF22AF129EE546576C1D139FC50BB6CCDD1E02B1776CC2A5FE5F404D48&B9D74B6B0B3884FC76058789ED5EAB6F9825BDC78A754D5A72A2063AA706CB08 (maxCount 1)
[10/01/26 16:45:42] info     Set senddmp exe path to C:\Program Files\Autodesk\AutoCAD 2027\CER\senddmp.exe
[10/01/26 16:45:42] info     The cer_service exe C:\Program Files\Autodesk\AutoCAD 2027\CER\service\cer_service.exe is not in folder C:\Program Files\Autodesk\AutoCAD 2027\CER\, it's not a sandbox
[10/01/26 16:45:42] info     launching C:\Program Files\Autodesk\AutoCAD 2027\CER\upi.exe "C:\Program Files\Autodesk\AutoCAD 2027\en-US\UPI\upiconfig.xml" C:\Users\rashx\AppData\Local\Temp\upi_info.xml
[10/01/26 16:45:42] info     Setting key SP/UPI_PRODUCT, value ACD (maxCount 1)
[10/01/26 16:45:42] info     Setting key SP/UPI_RELEASE, value 2027 (maxCount 1)
[10/01/26 16:45:42] info     Setting key SP/UPI_MASTER, value {28B89EEF-A101-0409-2102-CF3F3A09B77D} (maxCount 1)
[10/01/26 16:45:42] info     Setting key SP/UPI_BUILD, value 26.0.60.0.0 (maxCount 1)
[10/01/26 16:45:42] info     Setting key SP/UPI_FULL_XML, value <?xml version="1.0"?><upipackage><upivalue version="1.0" type="product" requestingapp="true"><level name="productline" id="ACD"><level name="release" id="2027"><level name="master" id="{28B89EEF-A101-0409-2102-CF3F3A09B77D}"><level name="build" id="26.0.60.0.0"/></level></level></level></upivalue>
<upivalue version="1.0" type="product"><level name="productline" id="ARCHDESK"><level name="release" id="2027"><level name="master" id="{28B89EEE-A104-0000-5102-CF3F3A09B77D}"><level name="build" id="8.9.46.0"/></level></level></level></upivalue>
<upivalue version="1.0" type="product"><level name="productline" id="ACD"><level name="release" id="2027"><level name="master" id="{28B89EEF-A101-0409-1102-CF3F3A09B77D}"><level name="build" id="26.0.60.0.0"/></level></level></level></upivalue>
<upivalue version="1.0" type="product"><level name="productline" id="ACD"><level name="release" id="2027"><level name="master" id="{28B89EEF-A101-0000-0102-CF3F3A09B77D}"><level name="build" id="26.0.60.0.0"/></level></level></level></upivalue>
</upipackage> (maxCount 1)
[10/01/26 16:45:42] info     set legacy options: /APPICON "C:\Program Files\Autodesk\AutoCAD 2027\AcBrandRes.dll" /APPICONID 1
[10/01/26 16:45:42] info     Setting key RP/AppIcon, value C:\Program Files\Autodesk\AutoCAD 2027\AcBrandRes.dll (maxCount 1)
[10/01/26 16:45:42] info     Setting key RP/AppIconId, value 1 (maxCount 1)
[10/01/26 16:45:42] info     Setting key RP/CadSettingsRegPath, value Software\Autodesk\AutoCAD\R26.0\ACAD-A101:409\CadManagerControl\CustomerErrorReport (maxCount 1)
[10/01/26 16:45:42] info     Setting key RP/AppLocaleId, value 1033 (maxCount 1)
[10/01/26 16:45:42] info     Setting key RP/AppXML, value <ProductInformation name ="AutoCAD" build_version="X.60.0.0(x64)" registry_version="26.0" install_id_string="ACAD-A101:409" registry_localeID="1033" git_commit_id="90c984aa66a571142ee0757584bac517eec2175a" /> (maxCount 100)
[10/01/26 16:45:42] info     Setting key SP/THEME_TYPE, value Blue (maxCount 1)
[10/01/26 16:45:42] info     Setting key SP/EXCEPTION_INFO_POINTER, value 140728647714072 (maxCount 1)
[10/01/26 16:45:42] info     Setting key SP/THREAD_ID, value 4294967295 (maxCount 1)
[10/01/26 16:45:42] info     Get key SP/THREAD_ID, index 0: "4294967295"
[10/01/26 16:45:42] info     Setting key SP/WER, value 0 (maxCount 1)
[10/01/26 16:45:42] info     Get key SP/WER, index 0: "0"
[10/01/26 16:45:42] info     Registered C:\Program Files\Autodesk\AutoCAD 2027\cer.dll as WER runtime exception module
[10/01/26 16:45:42] info     Current ErrorMode is 32771
[10/01/26 16:45:42] debug    Receiver ping: pong
